
======================================================================
ERROR LOG — 2026-09-01T09:47:19.760954
======================================================================
Python:    3.12.10 (main, Apr  9 2025, 00:30:28) [GCC 12.2.0]
Platform:  linux — Linux 4.19.91-c8dfc93.al7.x86_64 (x86_64)
CWD:       /workspace
argv:      ['main.py', '--gui', 'ctk']

--- APP CONTEXT ---
  gui_mode: ctk
  app_dir: /workspace
  db_path: /workspace/data/db/tasks.json

--- EXTRA CONTEXT ---
  gui_mode: ctk
  phase: gui_launch

--- ERROR ---
  Fatal error starting GUI (ctk): no display name and no $DISPLAY environment variable

--- TRACEBACK ---
Traceback (most recent call last):
  File "/workspace/main.py", line 103, in main
    run_app()
  File "/workspace/src/gui/main_window.py", line 1429, in run_app
    app = TaskManagerApp()
          ^^^^^^^^^^^^^^^^
  File "/workspace/src/gui/main_window.py", line 1133, in __init__
    super().__init__()
  File "/workspace/venv/lib/python3.12/site-packages/customtkinter/windows/ctk_tk.py", line 40, in __init__
    CTK_PARENT_CLASS.__init__(self, **pop_from_dict_by_set(kwargs, self._valid_tk_constructor_arguments))
  File "/usr/local/lib/python3.12/tkinter/__init__.py", line 2346, in __init__
    self.tk = _tkinter.create(screenName, baseName, className, interactive, wantobjects, useTk, sync, use)
              ^^^^^^^^^^^^^^^^^^^^^^^^^^^^^^^^^^^^^^^^^^^^^^^^^^^^^^^^^^^^^^^^^^^^^^^^^^^^^^^^^^^^^^^^^^^^
_tkinter.TclError: no display name and no $DISPLAY environment variable


--- INSTALLED MODULES ---
  (366 modules loaded)
  - workalendar.europe.norway
  - workalendar.europe.poland
  - workalendar.europe.portugal
  - workalendar.europe.romania
  - workalendar.europe.russia
  - workalendar.europe.scotland
  - workalendar.europe.scotland.mixins
  - workalendar.europe.scotland.mixins.autumn_holiday
  - workalendar.europe.scotland.mixins.fair_holiday
  - workalendar.europe.scotland.mixins.spring_holiday
  - workalendar.europe.scotland.mixins.victoria_day
  - workalendar.europe.serbia
  - workalendar.europe.slovakia
  - workalendar.europe.slovenia
  - workalendar.europe.spain
  - workalendar.europe.sweden
  - workalendar.europe.switzerland
  - workalendar.europe.turkey
  - workalendar.europe.ukraine
  - workalendar.europe.united_kingdom
  - workalendar.exceptions
  - workalendar.registry_tools
  - zipfile
  - zipfile._path
  - zipfile._path.glob
  - zipimport
  - zlib
  - zoneinfo
  - zoneinfo._common
  - zoneinfo._tzpath

======================================================================
ERROR LOG — 2026-09-03T04:31:52.011345
======================================================================
Python:    3.12.10 (main, Apr  9 2025, 00:30:28) [GCC 12.2.0]
Platform:  linux — Linux 4.19.91-c8dfc93.al7.x86_64 (x86_64)
CWD:       /workspace
argv:      ['main.py']

--- APP CONTEXT ---
  gui_mode: flet
  app_dir: /workspace
  db_path: /workspace/data/db/tasks.json

--- EXTRA CONTEXT ---
  gui_mode: flet
  phase: gui_launch

--- ERROR ---
  Fatal error starting GUI (flet): No module named 'flet'

--- TRACEBACK ---
Traceback (most recent call last):
  File "/workspace/main.py", line 105, in main
    from gui_flet.app import run_app
  File "/workspace/src/gui_flet/__init__.py", line 1, in <module>
    from .app import TaskManagerApp
  File "/workspace/src/gui_flet/app.py", line 4, in <module>
    import flet as ft
ModuleNotFoundError: No module named 'flet'


--- INSTALLED MODULES ---
  (129 modules loaded)
  - subprocess
  - sys
  - tempfile
  - textwrap
  - threading
  - time
  - token
  - tokenize
  - traceback
  - types
  - typing
  - typing.io
  - typing.re
  - urllib
  - urllib.error
  - urllib.parse
  - urllib.request
  - urllib.response
  - utils
  - utils.error_handler
  - utils.helpers
  - utils.logger
  - utils.updater
  - warnings
  - weakref
  - zipfile
  - zipfile._path
  - zipfile._path.glob
  - zipimport
  - zlib
